2025-11-04 00:18:27,513 - cammer_logger - INFO - Running CAMmer
2025-11-04 00:18:27,513 - cammer_logger - INFO - ['-l', 'F.Cu,B.Cu,F.Paste,B.Paste,F.Silkscreen,B.Silkscreen,F.Mask,B.Mask', '-e', 'Edge.Cuts,User.Comments']
2025-11-04 00:18:27,514 - cammer_logger - INFO - CAMMER START: 2025-11-04T00:18:27.514545
2025-11-04 00:18:31,849 - cammer_logger - INFO - 
START: 2025-11-04T00:18:27.514538
Board saved by user.
Zones filled by CAMmer.
Deleting existing /home/naprecks/code/SparkFun_Thing_Plus_ESP32-S3/Hardware/SparkFun_Thing_Plus_ESP32-S3.GTL
Renaming /home/naprecks/code/SparkFun_Thing_Plus_ESP32-S3/Hardware/SparkFun_Thing_Plus_ESP32-S3-F_Cu.gbr to /home/naprecks/code/SparkFun_Thing_Plus_ESP32-S3/Hardware/SparkFun_Thing_Plus_ESP32-S3.GTL
Deleting existing /home/naprecks/code/SparkFun_Thing_Plus_ESP32-S3/Hardware/SparkFun_Thing_Plus_ESP32-S3.GBL
Renaming /home/naprecks/code/SparkFun_Thing_Plus_ESP32-S3/Hardware/SparkFun_Thing_Plus_ESP32-S3-B_Cu.gbr to /home/naprecks/code/SparkFun_Thing_Plus_ESP32-S3/Hardware/SparkFun_Thing_Plus_ESP32-S3.GBL
Deleting existing /home/naprecks/code/SparkFun_Thing_Plus_ESP32-S3/Hardware/SparkFun_Thing_Plus_ESP32-S3.GTP
Renaming /home/naprecks/code/SparkFun_Thing_Plus_ESP32-S3/Hardware/SparkFun_Thing_Plus_ESP32-S3-F_Paste.gbr to /home/naprecks/code/SparkFun_Thing_Plus_ESP32-S3/Hardware/SparkFun_Thing_Plus_ESP32-S3.GTP
Deleting existing /home/naprecks/code/SparkFun_Thing_Plus_ESP32-S3/Hardware/SparkFun_Thing_Plus_ESP32-S3.GBP
Renaming /home/naprecks/code/SparkFun_Thing_Plus_ESP32-S3/Hardware/SparkFun_Thing_Plus_ESP32-S3-B_Paste.gbr to /home/naprecks/code/SparkFun_Thing_Plus_ESP32-S3/Hardware/SparkFun_Thing_Plus_ESP32-S3.GBP
Deleting existing /home/naprecks/code/SparkFun_Thing_Plus_ESP32-S3/Hardware/SparkFun_Thing_Plus_ESP32-S3.GTO
Renaming /home/naprecks/code/SparkFun_Thing_Plus_ESP32-S3/Hardware/SparkFun_Thing_Plus_ESP32-S3-F_Silkscreen.gbr to /home/naprecks/code/SparkFun_Thing_Plus_ESP32-S3/Hardware/SparkFun_Thing_Plus_ESP32-S3.GTO
Deleting existing /home/naprecks/code/SparkFun_Thing_Plus_ESP32-S3/Hardware/SparkFun_Thing_Plus_ESP32-S3.GBO
Renaming /home/naprecks/code/SparkFun_Thing_Plus_ESP32-S3/Hardware/SparkFun_Thing_Plus_ESP32-S3-B_Silkscreen.gbr to /home/naprecks/code/SparkFun_Thing_Plus_ESP32-S3/Hardware/SparkFun_Thing_Plus_ESP32-S3.GBO
Deleting existing /home/naprecks/code/SparkFun_Thing_Plus_ESP32-S3/Hardware/SparkFun_Thing_Plus_ESP32-S3.GTS
Renaming /home/naprecks/code/SparkFun_Thing_Plus_ESP32-S3/Hardware/SparkFun_Thing_Plus_ESP32-S3-F_Mask.gbr to /home/naprecks/code/SparkFun_Thing_Plus_ESP32-S3/Hardware/SparkFun_Thing_Plus_ESP32-S3.GTS
Deleting existing /home/naprecks/code/SparkFun_Thing_Plus_ESP32-S3/Hardware/SparkFun_Thing_Plus_ESP32-S3.GBS
Renaming /home/naprecks/code/SparkFun_Thing_Plus_ESP32-S3/Hardware/SparkFun_Thing_Plus_ESP32-S3-B_Mask.gbr to /home/naprecks/code/SparkFun_Thing_Plus_ESP32-S3/Hardware/SparkFun_Thing_Plus_ESP32-S3.GBS
Deleting existing /home/naprecks/code/SparkFun_Thing_Plus_ESP32-S3/Hardware/SparkFun_Thing_Plus_ESP32-S3.GKO
Renaming /home/naprecks/code/SparkFun_Thing_Plus_ESP32-S3/Hardware/SparkFun_Thing_Plus_ESP32-S3-Edge_Cuts.gbr to /home/naprecks/code/SparkFun_Thing_Plus_ESP32-S3/Hardware/SparkFun_Thing_Plus_ESP32-S3.GKO
Drill report: /home/naprecks/code/SparkFun_Thing_Plus_ESP32-S3/Hardware/drill_report.rpt

2025-11-04 00:18:35,453 - cammer_logger - INFO - CAMmer complete
